2026-06-09 17:58:31 [scrapy.utils.log] INFO: Scrapy 2.13.3 started (bot: ufc_scraper)
2026-06-09 17:58:31 [scrapy.utils.log] INFO: Versions:
{'lxml': '6.0.2',
 'libxml2': '2.14.6',
 'cssselect': '1.4.0',
 'parsel': '1.11.0',
 'w3lib': '2.4.0',
 'Twisted': '25.5.0',
 'Python': '3.11.2 (main, Apr 28 2025, 14:11:48) [GCC 12.2.0]',
 'pyOpenSSL': '26.0.0 (OpenSSL 3.5.5 27 Jan 2026)',
 'cryptography': '46.0.5',
 'Platform': 'Linux-6.6.87.1-microsoft-standard-WSL2-x86_64-with-glibc2.36'}
2026-06-09 17:58:31 [scrapy.addons] INFO: Enabled addons:
[]
2026-06-09 17:58:31 [asyncio] DEBUG: Using selector: EpollSelector
2026-06-09 17:58:31 [scrapy.utils.log] DEBUG: Using reactor: twisted.internet.asyncioreactor.AsyncioSelectorReactor
2026-06-09 17:58:31 [scrapy.utils.log] DEBUG: Using asyncio event loop: asyncio.unix_events._UnixSelectorEventLoop
2026-06-09 17:58:31 [scrapy.extensions.telnet] INFO: Telnet Password: 0effaa3f98d71bf4
2026-06-09 17:58:31 [scrapy.middleware] INFO: Enabled extensions:
['scrapy.extensions.corestats.CoreStats',
 'scrapy.extensions.telnet.TelnetConsole',
 'scrapy.extensions.memusage.MemoryUsage',
 'scrapy.extensions.feedexport.FeedExporter',
 'scrapy.extensions.logstats.LogStats',
 'scrapy.extensions.throttle.AutoThrottle']
2026-06-09 17:58:31 [scrapy.crawler] INFO: Overridden settings:
{'AUTOTHROTTLE_ENABLED': True,
 'AUTOTHROTTLE_MAX_DELAY': 10,
 'AUTOTHROTTLE_START_DELAY': 1,
 'BOT_NAME': 'ufc_scraper',
 'CONCURRENT_REQUESTS_PER_DOMAIN': 1,
 'DOWNLOAD_DELAY': 1,
 'DOWNLOAD_TIMEOUT': 30,
 'FEED_EXPORT_ENCODING': 'utf-8',
 'HTTPCACHE_ENABLED': 'False',
 'NEWSPIDER_MODULE': 'ufc_scraper.spiders',
 'RETRY_TIMES': 3,
 'ROBOTSTXT_OBEY': True,
 'SPIDER_MODULES': ['ufc_scraper.spiders'],
 'USER_AGENT': 'ufc-predictor-scraper (research/personal project)'}
2026-06-09 17:58:31 [scrapy.middleware] INFO: Enabled downloader middlewares:
['scrapy.downloadermiddlewares.offsite.OffsiteMiddleware',
 'scrapy.downloadermiddlewares.robotstxt.RobotsTxtMiddleware',
 'ufc_scraper.middlewares.BrowserSessionHeaderMiddleware',
 'ufc_scraper.middlewares.RawCaptureMiddleware',
 'scrapy.downloadermiddlewares.httpauth.HttpAuthMiddleware',
 'scrapy.downloadermiddlewares.downloadtimeout.DownloadTimeoutMiddleware',
 'scrapy.downloadermiddlewares.defaultheaders.DefaultHeadersMiddleware',
 'scrapy.downloadermiddlewares.useragent.UserAgentMiddleware',
 'scrapy.downloadermiddlewares.retry.RetryMiddleware',
 'scrapy.downloadermiddlewares.redirect.MetaRefreshMiddleware',
 'scrapy.downloadermiddlewares.httpcompression.HttpCompressionMiddleware',
 'scrapy.downloadermiddlewares.redirect.RedirectMiddleware',
 'scrapy.downloadermiddlewares.cookies.CookiesMiddleware',
 'scrapy.downloadermiddlewares.httpproxy.HttpProxyMiddleware',
 'scrapy.downloadermiddlewares.stats.DownloaderStats']
2026-06-09 17:58:31 [scrapy.middleware] INFO: Enabled spider middlewares:
['scrapy.spidermiddlewares.start.StartSpiderMiddleware',
 'scrapy.spidermiddlewares.httperror.HttpErrorMiddleware',
 'scrapy.spidermiddlewares.referer.RefererMiddleware',
 'scrapy.spidermiddlewares.urllength.UrlLengthMiddleware',
 'scrapy.spidermiddlewares.depth.DepthMiddleware']
2026-06-09 17:58:31 [scrapy.middleware] INFO: Enabled item pipelines:
['ufc_scraper.pipelines.EventsManifestPipeline']
2026-06-09 17:58:31 [scrapy.core.engine] INFO: Spider opened
2026-06-09 17:58:31 [py.warnings] WARNING: /home/wlodzimierrr/ufc-data/scraper/UFC-Web-Scraping-main/.venv/lib/python3.11/site-packages/scrapy/core/spidermw.py:433: ScrapyDeprecationWarning: ufc_scraper.spiders.fights.CrawlFights defines the deprecated start_requests() method. start_requests() has been deprecated in favor of a new method, start(), to support asynchronous code execution. start_requests() will stop being called in a future version of Scrapy. If you use Scrapy 2.13 or higher only, replace start_requests() with start(); note that start() is a coroutine (async def). If you need to maintain compatibility with lower Scrapy versions, when overriding start_requests() in a spider class, override start() as well; you can use super() to reuse the inherited start() implementation without copy-pasting. See the release notes of Scrapy 2.13 for details: https://docs.scrapy.org/en/2.13/news.html
  warn(

2026-06-09 17:58:31 [scrapy.extensions.logstats] INFO: Crawled 0 pages (at 0 pages/min), scraped 0 items (at 0 items/min)
2026-06-09 17:58:31 [crawl_fights] INFO: BrowserSessionHeaderMiddleware active | cookie_chars=175 | cookie_count=3 | user_agent=set | extra_headers=7
2026-06-09 17:58:31 [crawl_fights] INFO: RawCaptureMiddleware active | job_run_id=16bf064d-61d3-422c-8d62-0a7009f1bceb | manifest=/home/wlodzimierrr/ufc-data/data/manifests/fetch_manifest.csv
2026-06-09 17:58:31 [scrapy.extensions.telnet] INFO: Telnet console listening on 127.0.0.1:6023
2026-06-09 17:58:31 [scrapy.core.engine] DEBUG: Crawled (404) <GET http://www.ufcstats.com/robots.txt> (referer: http://ufcstats.com/)
2026-06-09 17:58:33 [scrapy.core.engine] DEBUG: Crawled (200) <GET http://www.ufcstats.com/event-details/1e75e6c9de99fa76> (referer: http://ufcstats.com/)
2026-06-09 17:58:34 [scrapy.core.engine] DEBUG: Crawled (200) <GET http://www.ufcstats.com/fight-details/370ff29489150560> (referer: http://ufcstats.com/)
2026-06-09 17:58:34 [scrapy.core.scraper] DEBUG: Scraped from <200 http://www.ufcstats.com/fight-details/370ff29489150560>
Fight(scraped_at='2026-06-09 16:58:34 UTC', fight_id='43265d17-c045-5ab5-b252-32478d38bfe3', event_id='3ea8968a-169f-5183-b28d-4fcfeed9959a', url='http://www.ufcstats.com/fight-details/370ff29489150560', fighter_1_id='f218094c-4e94-59e8-93cf-64974e407715', fighter_2_id='051cf07c-02be-5d99-9569-f008c48ec86f', fighter_1_outcome='L', fighter_2_outcome='W', bout_type="Women's Strawweight Bout", weight_class="women's strawweight", num_rounds=1, finish_method='Submission', primary_finish_method='submission', secondary_finish_method='armbar from side control', finish_round=1, finish_time_minute=4, finish_time_second=4, referee='Vitor Ribeiro', judge_1='', judge_2='', judge_3='', event_status='completed')
2026-06-09 17:58:35 [scrapy.core.engine] DEBUG: Crawled (200) <GET http://www.ufcstats.com/fight-details/34d5ec676fb5bce3> (referer: http://ufcstats.com/)
2026-06-09 17:58:36 [scrapy.core.scraper] DEBUG: Scraped from <200 http://www.ufcstats.com/fight-details/34d5ec676fb5bce3>
Fight(scraped_at='2026-06-09 16:58:36 UTC', fight_id='345aa791-ecfc-517f-b9d7-689f9d01b5ea', event_id='3ea8968a-169f-5183-b28d-4fcfeed9959a', url='http://www.ufcstats.com/fight-details/34d5ec676fb5bce3', fighter_1_id='860190f9-a32a-5e2f-bdd2-0949f97a7ee7', fighter_2_id='65faa7e6-7926-575b-9ae9-b5f47ac6e8c3', fighter_1_outcome='L', fighter_2_outcome='W', bout_type='Featherweight Bout', weight_class='featherweight', num_rounds=1, finish_method='KO/TKO', primary_finish_method='ko/tko', secondary_finish_method='punches to head at distance', finish_round=1, finish_time_minute=1, finish_time_second=50, referee='Lukasz Bosacki', judge_1='', judge_2='', judge_3='', event_status='completed')
2026-06-09 17:58:37 [scrapy.core.engine] DEBUG: Crawled (200) <GET http://www.ufcstats.com/fight-details/3f719885c9916e06> (referer: http://ufcstats.com/)
2026-06-09 17:58:37 [scrapy.core.scraper] DEBUG: Scraped from <200 http://www.ufcstats.com/fight-details/3f719885c9916e06>
Fight(scraped_at='2026-06-09 16:58:37 UTC', fight_id='01dc1499-9234-5284-8895-1f46909c5496', event_id='3ea8968a-169f-5183-b28d-4fcfeed9959a', url='http://www.ufcstats.com/fight-details/3f719885c9916e06', fighter_1_id='17d32617-8cb2-56e0-9bfd-7c8b01303b28', fighter_2_id='190246d4-cb60-559f-a8b1-71ba19db7ca7', fighter_1_outcome='W', fighter_2_outcome='L', bout_type="Women's Strawweight Bout", weight_class="women's strawweight", num_rounds=3, finish_method='Decision - Unanimous', primary_finish_method='decision', secondary_finish_method='unanimous', finish_round=3, finish_time_minute=5, finish_time_second=0, referee='Mark Craig', judge_1='Evan Field', judge_2='Chris Lee', judge_3='Cezary Wojciechowski', event_status='completed')
2026-06-09 17:58:38 [scrapy.core.engine] DEBUG: Crawled (200) <GET http://www.ufcstats.com/fight-details/224dce2c0b03e7eb> (referer: http://ufcstats.com/)
2026-06-09 17:58:38 [scrapy.core.scraper] DEBUG: Scraped from <200 http://www.ufcstats.com/fight-details/224dce2c0b03e7eb>
Fight(scraped_at='2026-06-09 16:58:38 UTC', fight_id='7655c3cb-6a64-53f7-9ada-b9911c0bf5a9', event_id='3ea8968a-169f-5183-b28d-4fcfeed9959a', url='http://www.ufcstats.com/fight-details/224dce2c0b03e7eb', fighter_1_id='e2420550-4ba3-5124-8faf-3b8ff58712ef', fighter_2_id='9241fbb1-b4fc-5596-b8ad-7f374311f788', fighter_1_outcome='W', fighter_2_outcome='L', bout_type='Bantamweight Bout', weight_class='bantamweight', num_rounds=1, finish_method='Submission', primary_finish_method='submission', secondary_finish_method='rear naked choke', finish_round=1, finish_time_minute=3, finish_time_second=19, referee='Marc Goddard', judge_1='', judge_2='', judge_3='', event_status='completed')
2026-06-09 17:58:39 [scrapy.core.engine] DEBUG: Crawled (200) <GET http://www.ufcstats.com/fight-details/3bc0190fb17ba42f> (referer: http://ufcstats.com/)
2026-06-09 17:58:39 [scrapy.core.scraper] DEBUG: Scraped from <200 http://www.ufcstats.com/fight-details/3bc0190fb17ba42f>
Fight(scraped_at='2026-06-09 16:58:39 UTC', fight_id='7d77781e-5086-5a43-af9a-82c85baa7c05', event_id='3ea8968a-169f-5183-b28d-4fcfeed9959a', url='http://www.ufcstats.com/fight-details/3bc0190fb17ba42f', fighter_1_id='1d8337b7-db23-5e06-9b8a-9990b721eeea', fighter_2_id='595096d9-92ed-56d4-a1ba-d53358d61d85', fighter_1_outcome='L', fighter_2_outcome='W', bout_type='Bantamweight Bout', weight_class='bantamweight', num_rounds=2, finish_method='KO/TKO', primary_finish_method='ko/tko', secondary_finish_method='knee to body in clinch', finish_round=2, finish_time_minute=2, finish_time_second=11, referee='Jason Herzog', judge_1='', judge_2='', judge_3='', event_status='completed')
2026-06-09 17:58:40 [scrapy.core.engine] DEBUG: Crawled (200) <GET http://www.ufcstats.com/fight-details/bc0b3c16246e0d1d> (referer: http://ufcstats.com/)
2026-06-09 17:58:40 [scrapy.core.scraper] DEBUG: Scraped from <200 http://www.ufcstats.com/fight-details/bc0b3c16246e0d1d>
Fight(scraped_at='2026-06-09 16:58:40 UTC', fight_id='32306d29-c377-56a1-ba44-6599dee1cebb', event_id='3ea8968a-169f-5183-b28d-4fcfeed9959a', url='http://www.ufcstats.com/fight-details/bc0b3c16246e0d1d', fighter_1_id='7ac953df-a95c-553a-b283-10349ed85e1c', fighter_2_id='c1483700-d19f-57da-9730-2190e7ef7007', fighter_1_outcome='L', fighter_2_outcome='W', bout_type='Welterweight Bout', weight_class='welterweight', num_rounds=3, finish_method='Decision - Split', primary_finish_method='decision', secondary_finish_method='split', finish_round=3, finish_time_minute=5, finish_time_second=0, referee='Vitor Ribeiro', judge_1='Ben Cartlidge', judge_2='Luke Hill', judge_3='Clemens Werner', event_status='completed')
2026-06-09 17:58:42 [scrapy.core.engine] DEBUG: Crawled (200) <GET http://www.ufcstats.com/fight-details/f6d09973de0f83e7> (referer: http://ufcstats.com/)
2026-06-09 17:58:42 [scrapy.core.scraper] DEBUG: Scraped from <200 http://www.ufcstats.com/fight-details/f6d09973de0f83e7>
Fight(scraped_at='2026-06-09 16:58:42 UTC', fight_id='ec9eefea-3f64-5f39-b8f8-4def2d693120', event_id='3ea8968a-169f-5183-b28d-4fcfeed9959a', url='http://www.ufcstats.com/fight-details/f6d09973de0f83e7', fighter_1_id='ddfb6263-5eb1-5914-9b4e-2c56558b567a', fighter_2_id='757ef278-8fe7-5f18-9e11-e6210929f388', fighter_1_outcome='L', fighter_2_outcome='W', bout_type='Middleweight Bout', weight_class='middleweight', num_rounds=1, finish_method='KO/TKO', primary_finish_method='ko/tko', secondary_finish_method='punch to head at distance', finish_round=1, finish_time_minute=3, finish_time_second=40, referee='Lukasz Bosacki', judge_1='', judge_2='', judge_3='', event_status='completed')
2026-06-09 17:58:43 [scrapy.core.engine] DEBUG: Crawled (200) <GET http://www.ufcstats.com/fight-details/7e8749cbf32ef1f8> (referer: http://ufcstats.com/)
2026-06-09 17:58:43 [scrapy.core.scraper] DEBUG: Scraped from <200 http://www.ufcstats.com/fight-details/7e8749cbf32ef1f8>
Fight(scraped_at='2026-06-09 16:58:43 UTC', fight_id='796765e1-3d7d-5eb2-ba3a-ba2809e9f6f5', event_id='3ea8968a-169f-5183-b28d-4fcfeed9959a', url='http://www.ufcstats.com/fight-details/7e8749cbf32ef1f8', fighter_1_id='ef7d88ce-5ae9-5fbd-ae5b-56bd38ad7f7c', fighter_2_id='48eed8e6-2fc1-5dea-9868-e55137f4b804', fighter_1_outcome='NC', fighter_2_outcome='NC', bout_type='Flyweight Bout', weight_class='flyweight', num_rounds=2, finish_method='Could Not Continue', primary_finish_method='could not continue', secondary_finish_method='low blow from sumudaerji', finish_round=2, finish_time_minute=1, finish_time_second=45, referee='Mark Craig', judge_1='', judge_2='', judge_3='', event_status='completed')
2026-06-09 17:58:44 [scrapy.core.engine] DEBUG: Crawled (200) <GET http://www.ufcstats.com/fight-details/c1c9dfd0c0952f18> (referer: http://ufcstats.com/)
2026-06-09 17:58:44 [scrapy.core.scraper] DEBUG: Scraped from <200 http://www.ufcstats.com/fight-details/c1c9dfd0c0952f18>
Fight(scraped_at='2026-06-09 16:58:44 UTC', fight_id='0364f144-1c4e-58b5-b8ba-6c5b22db5581', event_id='3ea8968a-169f-5183-b28d-4fcfeed9959a', url='http://www.ufcstats.com/fight-details/c1c9dfd0c0952f18', fighter_1_id='e87833d6-2e0e-5556-99bf-25e422a49727', fighter_2_id='bf90dbdf-d51b-51cc-980f-1bec40a7df4b', fighter_1_outcome='W', fighter_2_outcome='L', bout_type='Welterweight Bout', weight_class='welterweight', num_rounds=3, finish_method='Decision - Unanimous', primary_finish_method='decision', secondary_finish_method='unanimous', finish_round=3, finish_time_minute=5, finish_time_second=0, referee='Jason Herzog', judge_1='Luke Hill', judge_2='David Lethaby', judge_3='Clemens Werner', event_status='completed')
2026-06-09 17:58:45 [scrapy.core.engine] DEBUG: Crawled (200) <GET http://www.ufcstats.com/fight-details/00959e29e4a10e26> (referer: http://ufcstats.com/)
2026-06-09 17:58:45 [scrapy.core.scraper] DEBUG: Scraped from <200 http://www.ufcstats.com/fight-details/00959e29e4a10e26>
Fight(scraped_at='2026-06-09 16:58:45 UTC', fight_id='569e168e-a789-5791-8cde-701c7db6a9cc', event_id='3ea8968a-169f-5183-b28d-4fcfeed9959a', url='http://www.ufcstats.com/fight-details/00959e29e4a10e26', fighter_1_id='305c8448-6937-5d80-9738-9d8ee339e5ce', fighter_2_id='c36899df-df13-5107-94d2-17c3493451de', fighter_1_outcome='W', fighter_2_outcome='L', bout_type='Bantamweight Bout', weight_class='bantamweight', num_rounds=1, finish_method='KO/TKO', primary_finish_method='ko/tko', secondary_finish_method='punch to head at distance', finish_round=1, finish_time_minute=1, finish_time_second=50, referee='Marc Goddard', judge_1='', judge_2='', judge_3='', event_status='completed')
2026-06-09 17:58:46 [scrapy.core.engine] DEBUG: Crawled (200) <GET http://www.ufcstats.com/fight-details/f74e4afdf6ae29d1> (referer: http://ufcstats.com/)
2026-06-09 17:58:46 [scrapy.core.scraper] DEBUG: Scraped from <200 http://www.ufcstats.com/fight-details/f74e4afdf6ae29d1>
Fight(scraped_at='2026-06-09 16:58:46 UTC', fight_id='01aa9cb8-9e00-5824-a7db-8579192d9bcc', event_id='3ea8968a-169f-5183-b28d-4fcfeed9959a', url='http://www.ufcstats.com/fight-details/f74e4afdf6ae29d1', fighter_1_id='73e94e1e-af70-573a-ab1c-ef66219f9e40', fighter_2_id='6b7d6f17-9760-5d35-862e-0bf685596147', fighter_1_outcome='W', fighter_2_outcome='L', bout_type='Heavyweight Bout', weight_class='heavyweight', num_rounds=1, finish_method='KO/TKO', primary_finish_method='ko/tko', secondary_finish_method='punch to head at distance', finish_round=1, finish_time_minute=0, finish_time_second=39, referee='Lukasz Bosacki', judge_1='', judge_2='', judge_3='', event_status='completed')
2026-06-09 17:58:48 [scrapy.core.engine] DEBUG: Crawled (200) <GET http://www.ufcstats.com/fight-details/a23d84f15207e459> (referer: http://ufcstats.com/)
2026-06-09 17:58:48 [scrapy.core.scraper] DEBUG: Scraped from <200 http://www.ufcstats.com/fight-details/a23d84f15207e459>
Fight(scraped_at='2026-06-09 16:58:48 UTC', fight_id='235734d2-19f3-53e0-84c3-4e677ed66f7b', event_id='3ea8968a-169f-5183-b28d-4fcfeed9959a', url='http://www.ufcstats.com/fight-details/a23d84f15207e459', fighter_1_id='5c18467f-edf8-59c5-b71d-396f3bc8894f', fighter_2_id='217e3f5d-dc9c-529e-981a-dbba88404d09', fighter_1_outcome='L', fighter_2_outcome='W', bout_type='Light Heavyweight Bout', weight_class='heavyweight', num_rounds=1, finish_method='KO/TKO', primary_finish_method='ko/tko', secondary_finish_method='punch to head at distance', finish_round=1, finish_time_minute=4, finish_time_second=15, referee='Marc Goddard', judge_1='', judge_2='', judge_3='', event_status='completed')
2026-06-09 17:58:48 [scrapy.core.engine] DEBUG: Crawled (200) <GET http://www.ufcstats.com/fight-details/423f32dd018ac218> (referer: http://ufcstats.com/)
2026-06-09 17:58:49 [scrapy.core.scraper] DEBUG: Scraped from <200 http://www.ufcstats.com/fight-details/423f32dd018ac218>
Fight(scraped_at='2026-06-09 16:58:49 UTC', fight_id='cd0c06ff-e092-5a03-a4fc-68545b15db02', event_id='3ea8968a-169f-5183-b28d-4fcfeed9959a', url='http://www.ufcstats.com/fight-details/423f32dd018ac218', fighter_1_id='a7f92121-29e9-585b-b4e0-ae8c2921ca87', fighter_2_id='295728e1-a666-5e94-89c7-279982d29536', fighter_1_outcome='W', fighter_2_outcome='L', bout_type='Bantamweight Bout', weight_class='bantamweight', num_rounds=2, finish_method='Submission', primary_finish_method='submission', secondary_finish_method='guillotine choke from bottom guard', finish_round=2, finish_time_minute=4, finish_time_second=42, referee='Jason Herzog', judge_1='', judge_2='', judge_3='', event_status='completed')
2026-06-09 17:58:49 [scrapy.core.engine] INFO: Closing spider (finished)
2026-06-09 17:58:49 [crawl_fights] INFO: IncrementalCrawlMixin summary | skipped=0 | reason=finished
2026-06-09 17:58:49 [crawl_fights] INFO: RawCaptureMiddleware summary | job_run_id=16bf064d-61d3-422c-8d62-0a7009f1bceb | fetched=0 | unchanged=0 | updated=14 | failed=0
2026-06-09 17:58:49 [scrapy.extensions.feedexport] INFO: Stored csv feed (13 items) in: ../../../data/fights.csv
2026-06-09 17:58:49 [scrapy.statscollectors] INFO: Dumping Scrapy stats:
{'downloader/request_bytes': 13633,
 'downloader/request_count': 15,
 'downloader/request_method_count/GET': 15,
 'downloader/response_bytes': 65711,
 'downloader/response_count': 15,
 'downloader/response_status_count/200': 14,
 'downloader/response_status_count/404': 1,
 'elapsed_time_seconds': 17.69373,
 'feedexport/success_count/FileFeedStorage': 1,
 'finish_reason': 'finished',
 'finish_time': datetime.datetime(2026, 6, 9, 16, 58, 49, 54218, tzinfo=datetime.timezone.utc),
 'httpcompression/response_bytes': 531646,
 'httpcompression/response_count': 14,
 'item_scraped_count': 13,
 'items_per_minute': 45.88235294117647,
 'log_count/DEBUG': 31,
 'log_count/INFO': 15,
 'log_count/WARNING': 1,
 'memusage/max': 69705728,
 'memusage/startup': 69705728,
 'request_depth_max': 1,
 'response_received_count': 15,
 'responses_per_minute': 52.94117647058824,
 'robotstxt/request_count': 1,
 'robotstxt/response_count': 1,
 'robotstxt/response_status_count/404': 1,
 'scheduler/dequeued': 14,
 'scheduler/dequeued/memory': 14,
 'scheduler/enqueued': 14,
 'scheduler/enqueued/memory': 14,
 'start_time': datetime.datetime(2026, 6, 9, 16, 58, 31, 360488, tzinfo=datetime.timezone.utc)}
2026-06-09 17:58:49 [scrapy.core.engine] INFO: Spider closed (finished)
