2026-06-09 18:34:49 [scrapy.utils.log] INFO: Scrapy 2.13.3 started (bot: ufc_scraper)
2026-06-09 18:34:49 [scrapy.utils.log] INFO: Versions:
{'lxml': '6.0.2',
 'libxml2': '2.14.6',
 'cssselect': '1.4.0',
 'parsel': '1.11.0',
 'w3lib': '2.4.0',
 'Twisted': '25.5.0',
 'Python': '3.11.2 (main, Apr 28 2025, 14:11:48) [GCC 12.2.0]',
 'pyOpenSSL': '26.0.0 (OpenSSL 3.5.5 27 Jan 2026)',
 'cryptography': '46.0.5',
 'Platform': 'Linux-6.6.87.1-microsoft-standard-WSL2-x86_64-with-glibc2.36'}
2026-06-09 18:34:49 [scrapy.addons] INFO: Enabled addons:
[]
2026-06-09 18:34:49 [asyncio] DEBUG: Using selector: EpollSelector
2026-06-09 18:34:49 [scrapy.utils.log] DEBUG: Using reactor: twisted.internet.asyncioreactor.AsyncioSelectorReactor
2026-06-09 18:34:49 [scrapy.utils.log] DEBUG: Using asyncio event loop: asyncio.unix_events._UnixSelectorEventLoop
2026-06-09 18:34:49 [scrapy.extensions.telnet] INFO: Telnet Password: cedb9c65aa66f78b
2026-06-09 18:34:49 [scrapy.middleware] INFO: Enabled extensions:
['scrapy.extensions.corestats.CoreStats',
 'scrapy.extensions.telnet.TelnetConsole',
 'scrapy.extensions.memusage.MemoryUsage',
 'scrapy.extensions.feedexport.FeedExporter',
 'scrapy.extensions.logstats.LogStats',
 'scrapy.extensions.throttle.AutoThrottle']
2026-06-09 18:34:49 [scrapy.crawler] INFO: Overridden settings:
{'AUTOTHROTTLE_ENABLED': True,
 'AUTOTHROTTLE_MAX_DELAY': 10,
 'AUTOTHROTTLE_START_DELAY': 1,
 'BOT_NAME': 'ufc_scraper',
 'CONCURRENT_REQUESTS_PER_DOMAIN': 1,
 'DOWNLOAD_DELAY': 1,
 'DOWNLOAD_TIMEOUT': 30,
 'FEED_EXPORT_ENCODING': 'utf-8',
 'HTTPCACHE_ENABLED': 'False',
 'NEWSPIDER_MODULE': 'ufc_scraper.spiders',
 'RETRY_TIMES': 3,
 'ROBOTSTXT_OBEY': True,
 'SPIDER_MODULES': ['ufc_scraper.spiders'],
 'USER_AGENT': 'ufc-predictor-scraper (research/personal project)'}
2026-06-09 18:34:49 [scrapy.middleware] INFO: Enabled downloader middlewares:
['scrapy.downloadermiddlewares.offsite.OffsiteMiddleware',
 'scrapy.downloadermiddlewares.robotstxt.RobotsTxtMiddleware',
 'ufc_scraper.middlewares.BrowserSessionHeaderMiddleware',
 'ufc_scraper.middlewares.RawCaptureMiddleware',
 'scrapy.downloadermiddlewares.httpauth.HttpAuthMiddleware',
 'scrapy.downloadermiddlewares.downloadtimeout.DownloadTimeoutMiddleware',
 'scrapy.downloadermiddlewares.defaultheaders.DefaultHeadersMiddleware',
 'scrapy.downloadermiddlewares.useragent.UserAgentMiddleware',
 'scrapy.downloadermiddlewares.retry.RetryMiddleware',
 'scrapy.downloadermiddlewares.redirect.MetaRefreshMiddleware',
 'scrapy.downloadermiddlewares.httpcompression.HttpCompressionMiddleware',
 'scrapy.downloadermiddlewares.redirect.RedirectMiddleware',
 'scrapy.downloadermiddlewares.cookies.CookiesMiddleware',
 'scrapy.downloadermiddlewares.httpproxy.HttpProxyMiddleware',
 'scrapy.downloadermiddlewares.stats.DownloaderStats']
2026-06-09 18:34:49 [scrapy.middleware] INFO: Enabled spider middlewares:
['scrapy.spidermiddlewares.start.StartSpiderMiddleware',
 'scrapy.spidermiddlewares.httperror.HttpErrorMiddleware',
 'scrapy.spidermiddlewares.referer.RefererMiddleware',
 'scrapy.spidermiddlewares.urllength.UrlLengthMiddleware',
 'scrapy.spidermiddlewares.depth.DepthMiddleware']
2026-06-09 18:34:49 [scrapy.middleware] INFO: Enabled item pipelines:
['ufc_scraper.pipelines.EventsManifestPipeline']
2026-06-09 18:34:49 [scrapy.core.engine] INFO: Spider opened
2026-06-09 18:34:49 [py.warnings] WARNING: /home/wlodzimierrr/ufc-data/scraper/UFC-Web-Scraping-main/.venv/lib/python3.11/site-packages/scrapy/core/spidermw.py:433: ScrapyDeprecationWarning: ufc_scraper.spiders.fights.CrawlFights defines the deprecated start_requests() method. start_requests() has been deprecated in favor of a new method, start(), to support asynchronous code execution. start_requests() will stop being called in a future version of Scrapy. If you use Scrapy 2.13 or higher only, replace start_requests() with start(); note that start() is a coroutine (async def). If you need to maintain compatibility with lower Scrapy versions, when overriding start_requests() in a spider class, override start() as well; you can use super() to reuse the inherited start() implementation without copy-pasting. See the release notes of Scrapy 2.13 for details: https://docs.scrapy.org/en/2.13/news.html
  warn(

2026-06-09 18:34:49 [scrapy.extensions.logstats] INFO: Crawled 0 pages (at 0 pages/min), scraped 0 items (at 0 items/min)
2026-06-09 18:34:49 [crawl_fights] INFO: BrowserSessionHeaderMiddleware active | cookie_chars=175 | cookie_count=3 | user_agent=set | extra_headers=7
2026-06-09 18:34:49 [crawl_fights] INFO: RawCaptureMiddleware active | job_run_id=d3668509-6589-4030-8744-215a0f2cf3f9 | manifest=/home/wlodzimierrr/ufc-data/data/manifests/fetch_manifest.csv
2026-06-09 18:34:49 [scrapy.extensions.telnet] INFO: Telnet console listening on 127.0.0.1:6023
2026-06-09 18:34:49 [scrapy.core.engine] DEBUG: Crawled (404) <GET http://www.ufcstats.com/robots.txt> (referer: http://ufcstats.com/)
2026-06-09 18:34:51 [scrapy.core.engine] DEBUG: Crawled (200) <GET http://www.ufcstats.com/event-details/ba17afef01ed78b6> (referer: http://ufcstats.com/)
2026-06-09 18:34:52 [scrapy.core.engine] DEBUG: Crawled (200) <GET http://www.ufcstats.com/fight-details/b0474597b2c60482> (referer: http://ufcstats.com/)
2026-06-09 18:34:52 [scrapy.core.scraper] DEBUG: Scraped from <200 http://www.ufcstats.com/fight-details/b0474597b2c60482>
Fight(scraped_at='2026-06-09 17:34:52 UTC', fight_id='aec0fc82-a875-5c45-9bc2-f7ae1c93450e', event_id='51164b6d-22a2-5767-ab6a-84c59abfecb7', url='http://www.ufcstats.com/fight-details/b0474597b2c60482', fighter_1_id='01e7c1f6-58e3-5e87-acd5-acfa2e8239cb', fighter_2_id='402bdbd6-20ff-5dad-b8d6-6411633c4358', fighter_1_outcome='W', fighter_2_outcome='L', bout_type="Women's Strawweight Bout", weight_class="women's strawweight", num_rounds=1, finish_method='KO/TKO', primary_finish_method='ko/tko', secondary_finish_method='kick to head at distance', finish_round=1, finish_time_minute=1, finish_time_second=34, referee='Chris Tognoni', judge_1='', judge_2='', judge_3='', event_status='completed')
2026-06-09 18:34:53 [scrapy.core.engine] DEBUG: Crawled (200) <GET http://www.ufcstats.com/fight-details/a6b211d8dab5edec> (referer: http://ufcstats.com/)
2026-06-09 18:34:53 [scrapy.core.scraper] DEBUG: Scraped from <200 http://www.ufcstats.com/fight-details/a6b211d8dab5edec>
Fight(scraped_at='2026-06-09 17:34:53 UTC', fight_id='dfad314f-bc0f-5376-9b44-918db92b1eae', event_id='51164b6d-22a2-5767-ab6a-84c59abfecb7', url='http://www.ufcstats.com/fight-details/a6b211d8dab5edec', fighter_1_id='7ca3e5fa-3a3e-52ea-ad9d-4b3326bb8923', fighter_2_id='2c9a6d59-5d50-5e20-8a32-621e970b3df3', fighter_1_outcome='W', fighter_2_outcome='L', bout_type="Women's Flyweight Bout", weight_class='flyweight', num_rounds=3, finish_method='Decision - Split', primary_finish_method='decision', secondary_finish_method='split', finish_round=3, finish_time_minute=5, finish_time_second=0, referee='Dan Miragliotta', judge_1='Ron McCarthy', judge_2='Tony Weeks', judge_3='Clemens Werner', event_status='completed')
2026-06-09 18:34:54 [scrapy.core.engine] DEBUG: Crawled (200) <GET http://www.ufcstats.com/fight-details/44cfbb8c3c356c65> (referer: http://ufcstats.com/)
2026-06-09 18:34:54 [scrapy.core.scraper] DEBUG: Scraped from <200 http://www.ufcstats.com/fight-details/44cfbb8c3c356c65>
Fight(scraped_at='2026-06-09 17:34:54 UTC', fight_id='cb78e007-42f1-52f4-9fce-6d21f8b6cf8e', event_id='51164b6d-22a2-5767-ab6a-84c59abfecb7', url='http://www.ufcstats.com/fight-details/44cfbb8c3c356c65', fighter_1_id='6a34b301-865f-5994-a7e5-cb03230ba6c2', fighter_2_id='286c3351-743c-57a4-9cd7-45e6d509cf56', fighter_1_outcome='L', fighter_2_outcome='W', bout_type='Featherweight Bout', weight_class='featherweight', num_rounds=1, finish_method='Submission', primary_finish_method='submission', secondary_finish_method='guillotine choke on ground ninja choke', finish_round=1, finish_time_minute=4, finish_time_second=19, referee='Herb Dean', judge_1='', judge_2='', judge_3='', event_status='completed')
2026-06-09 18:34:56 [scrapy.core.engine] DEBUG: Crawled (200) <GET http://www.ufcstats.com/fight-details/98e77712f99956ff> (referer: http://ufcstats.com/)
2026-06-09 18:34:56 [scrapy.core.scraper] DEBUG: Scraped from <200 http://www.ufcstats.com/fight-details/98e77712f99956ff>
Fight(scraped_at='2026-06-09 17:34:56 UTC', fight_id='f2d1e20d-e05b-52ff-86c0-524ac2c4502d', event_id='51164b6d-22a2-5767-ab6a-84c59abfecb7', url='http://www.ufcstats.com/fight-details/98e77712f99956ff', fighter_1_id='2fc5aa80-58ec-5c70-b680-12759e392545', fighter_2_id='a0169bef-3b85-5e3d-8ddd-698addcfc690', fighter_1_outcome='L', fighter_2_outcome='W', bout_type="Women's Bantamweight Bout", weight_class='bantamweight', num_rounds=1, finish_method='Submission', primary_finish_method='submission', secondary_finish_method='armbar from mount', finish_round=1, finish_time_minute=3, finish_time_second=42, referee='Jason Herzog', judge_1='', judge_2='', judge_3='', event_status='completed')
2026-06-09 18:34:57 [scrapy.core.engine] DEBUG: Crawled (200) <GET http://www.ufcstats.com/fight-details/20d74ed23d3e9b3a> (referer: http://ufcstats.com/)
2026-06-09 18:34:57 [scrapy.core.scraper] DEBUG: Scraped from <200 http://www.ufcstats.com/fight-details/20d74ed23d3e9b3a>
Fight(scraped_at='2026-06-09 17:34:57 UTC', fight_id='b2cf0da4-705e-5d82-addc-6f18e0fa8705', event_id='51164b6d-22a2-5767-ab6a-84c59abfecb7', url='http://www.ufcstats.com/fight-details/20d74ed23d3e9b3a', fighter_1_id='243c64b6-7efe-50da-9bf8-0bb6f6fb34d7', fighter_2_id='7da32b5e-f3b1-5ddb-a732-9ae379aba088', fighter_1_outcome='L', fighter_2_outcome='W', bout_type='Flyweight Bout', weight_class='flyweight', num_rounds=1, finish_method='Submission', primary_finish_method='submission', secondary_finish_method='rear naked choke', finish_round=1, finish_time_minute=4, finish_time_second=13, referee='Chris Tognoni', judge_1='', judge_2='', judge_3='', event_status='completed')
2026-06-09 18:34:58 [scrapy.core.engine] DEBUG: Crawled (200) <GET http://www.ufcstats.com/fight-details/90940d93d6e0998f> (referer: http://ufcstats.com/)
2026-06-09 18:34:58 [scrapy.core.scraper] DEBUG: Scraped from <200 http://www.ufcstats.com/fight-details/90940d93d6e0998f>
Fight(scraped_at='2026-06-09 17:34:58 UTC', fight_id='a78d9b13-711b-510e-8c44-061c7c6fc250', event_id='51164b6d-22a2-5767-ab6a-84c59abfecb7', url='http://www.ufcstats.com/fight-details/90940d93d6e0998f', fighter_1_id='2d954a60-721a-510f-892c-3d3df4e6a342', fighter_2_id='4c46cd26-70b7-532a-913b-ecd40f321d36', fighter_1_outcome='W', fighter_2_outcome='L', bout_type='Bantamweight Bout', weight_class='bantamweight', num_rounds=3, finish_method='Decision - Unanimous', primary_finish_method='decision', secondary_finish_method='unanimous', finish_round=3, finish_time_minute=5, finish_time_second=0, referee='Jason Herzog', judge_1='Ron McCarthy', judge_2='Tony Weeks', judge_3='Mike Bell', event_status='completed')
2026-06-09 18:35:00 [scrapy.core.engine] DEBUG: Crawled (200) <GET http://www.ufcstats.com/fight-details/5d2eedd05081ed23> (referer: http://ufcstats.com/)
2026-06-09 18:35:00 [scrapy.core.scraper] DEBUG: Scraped from <200 http://www.ufcstats.com/fight-details/5d2eedd05081ed23>
Fight(scraped_at='2026-06-09 17:35:00 UTC', fight_id='98d1a70d-8eba-5680-b0d9-a8ab6dc91e20', event_id='51164b6d-22a2-5767-ab6a-84c59abfecb7', url='http://www.ufcstats.com/fight-details/5d2eedd05081ed23', fighter_1_id='6c157abd-68fd-51fc-b606-47ad2d34d8ec', fighter_2_id='87e3b81e-fe88-5d3e-9818-f8cc19cf454e', fighter_1_outcome='L', fighter_2_outcome='W', bout_type='Catch Weight Bout', weight_class='catch weight', num_rounds=1, finish_method='KO/TKO', primary_finish_method='ko/tko', secondary_finish_method='punch to head at distance', finish_round=1, finish_time_minute=2, finish_time_second=28, referee='Herb Dean', judge_1='', judge_2='', judge_3='', event_status='completed')
2026-06-09 18:35:02 [scrapy.core.engine] DEBUG: Crawled (200) <GET http://www.ufcstats.com/fight-details/bfe4950b3de83e9c> (referer: http://ufcstats.com/)
2026-06-09 18:35:02 [scrapy.core.scraper] DEBUG: Scraped from <200 http://www.ufcstats.com/fight-details/bfe4950b3de83e9c>
Fight(scraped_at='2026-06-09 17:35:02 UTC', fight_id='9dd74c56-e820-582b-9a08-17cbb9aa1e3e', event_id='51164b6d-22a2-5767-ab6a-84c59abfecb7', url='http://www.ufcstats.com/fight-details/bfe4950b3de83e9c', fighter_1_id='6e74531e-878c-59c8-bb0e-63201254ee41', fighter_2_id='8dbd3137-274e-5bd5-82f5-5a0176286259', fighter_1_outcome='W', fighter_2_outcome='L', bout_type='Light Heavyweight Bout', weight_class='heavyweight', num_rounds=1, finish_method='KO/TKO', primary_finish_method='ko/tko', secondary_finish_method='kick to leg at distance', finish_round=1, finish_time_minute=1, finish_time_second=25, referee='Dan Miragliotta', judge_1='', judge_2='', judge_3='', event_status='completed')
2026-06-09 18:35:04 [scrapy.core.engine] DEBUG: Crawled (200) <GET http://www.ufcstats.com/fight-details/c47796e11a801e12> (referer: http://ufcstats.com/)
2026-06-09 18:35:04 [scrapy.core.scraper] DEBUG: Scraped from <200 http://www.ufcstats.com/fight-details/c47796e11a801e12>
Fight(scraped_at='2026-06-09 17:35:04 UTC', fight_id='002a60fe-e7eb-5c4e-942a-9e36eb1ff76b', event_id='51164b6d-22a2-5767-ab6a-84c59abfecb7', url='http://www.ufcstats.com/fight-details/c47796e11a801e12', fighter_1_id='30b6d54a-da31-5d2c-b6e4-318ece40f46c', fighter_2_id='efa4c5c7-2033-5ef8-a6c0-fb7d7a02e5d6', fighter_1_outcome='W', fighter_2_outcome='L', bout_type='Bantamweight Bout', weight_class='bantamweight', num_rounds=3, finish_method='Submission', primary_finish_method='submission', secondary_finish_method='arm triangle from side control', finish_round=3, finish_time_minute=4, finish_time_second=52, referee='Chris Tognoni', judge_1='', judge_2='', judge_3='', event_status='completed')
2026-06-09 18:35:05 [scrapy.core.engine] DEBUG: Crawled (200) <GET http://www.ufcstats.com/fight-details/58ffa2dac4f2e7d0> (referer: http://ufcstats.com/)
2026-06-09 18:35:05 [scrapy.core.scraper] DEBUG: Scraped from <200 http://www.ufcstats.com/fight-details/58ffa2dac4f2e7d0>
Fight(scraped_at='2026-06-09 17:35:05 UTC', fight_id='2656f87f-a89d-5279-ada5-1b33b41c69c7', event_id='51164b6d-22a2-5767-ab6a-84c59abfecb7', url='http://www.ufcstats.com/fight-details/58ffa2dac4f2e7d0', fighter_1_id='cdf457b3-fad7-5c6a-ab9f-db9f81adc66c', fighter_2_id='2ab7d2a8-d517-5aa3-b11c-9f648ca07eb3', fighter_1_outcome='L', fighter_2_outcome='W', bout_type='Lightweight Bout', weight_class='lightweight', num_rounds=3, finish_method='Decision - Unanimous', primary_finish_method='decision', secondary_finish_method='unanimous', finish_round=3, finish_time_minute=5, finish_time_second=0, referee='Jason Herzog', judge_1='Mike Bell', judge_2='Derek Cleary', judge_3='Clemens Werner', event_status='completed')
2026-06-09 18:35:06 [scrapy.core.engine] DEBUG: Crawled (200) <GET http://www.ufcstats.com/fight-details/419fff06f338f5c6> (referer: http://ufcstats.com/)
2026-06-09 18:35:07 [scrapy.core.scraper] DEBUG: Scraped from <200 http://www.ufcstats.com/fight-details/419fff06f338f5c6>
Fight(scraped_at='2026-06-09 17:35:07 UTC', fight_id='dda9806d-ecfe-5705-857e-9686395509d8', event_id='51164b6d-22a2-5767-ab6a-84c59abfecb7', url='http://www.ufcstats.com/fight-details/419fff06f338f5c6', fighter_1_id='5d26bddf-51d3-5417-aeab-7329263c2e27', fighter_2_id='935ef993-3fce-585f-a3ec-0a8f1426a004', fighter_1_outcome='W', fighter_2_outcome='L', bout_type='Middleweight Bout', weight_class='middleweight', num_rounds=3, finish_method='Decision - Unanimous', primary_finish_method='decision', secondary_finish_method='unanimous', finish_round=3, finish_time_minute=5, finish_time_second=0, referee='Dan Miragliotta', judge_1='Junichiro Kamijo', judge_2='Ron McCarthy', judge_3="Sal D'amato", event_status='completed')
2026-06-09 18:35:08 [scrapy.core.engine] DEBUG: Crawled (200) <GET http://www.ufcstats.com/fight-details/5c69b019e6deee41> (referer: http://ufcstats.com/)
2026-06-09 18:35:08 [scrapy.core.scraper] DEBUG: Scraped from <200 http://www.ufcstats.com/fight-details/5c69b019e6deee41>
Fight(scraped_at='2026-06-09 17:35:08 UTC', fight_id='ca666c11-5735-5afe-9688-0b0882313588', event_id='51164b6d-22a2-5767-ab6a-84c59abfecb7', url='http://www.ufcstats.com/fight-details/5c69b019e6deee41', fighter_1_id='f1e8474a-8f13-514e-aa23-e816b449124e', fighter_2_id='5677e09c-ed77-5104-8f51-960acfa189cb', fighter_1_outcome='L', fighter_2_outcome='W', bout_type='Welterweight Bout', weight_class='welterweight', num_rounds=5, finish_method='Decision - Unanimous', primary_finish_method='decision', secondary_finish_method='unanimous', finish_round=5, finish_time_minute=5, finish_time_second=0, referee='Herb Dean', judge_1='Mike Bell', judge_2='Derek Cleary', judge_3="Sal D'amato", event_status='completed')
2026-06-09 18:35:08 [scrapy.core.engine] INFO: Closing spider (finished)
2026-06-09 18:35:08 [crawl_fights] INFO: IncrementalCrawlMixin summary | skipped=0 | reason=finished
2026-06-09 18:35:08 [crawl_fights] INFO: RawCaptureMiddleware summary | job_run_id=d3668509-6589-4030-8744-215a0f2cf3f9 | fetched=4 | unchanged=0 | updated=9 | failed=0
2026-06-09 18:35:08 [scrapy.extensions.feedexport] INFO: Stored csv feed (12 items) in: ../../../data/fights.csv
2026-06-09 18:35:08 [scrapy.statscollectors] INFO: Dumping Scrapy stats:
{'downloader/request_bytes': 12711,
 'downloader/request_count': 14,
 'downloader/request_method_count/GET': 14,
 'downloader/response_bytes': 62477,
 'downloader/response_count': 14,
 'downloader/response_status_count/200': 13,
 'downloader/response_status_count/404': 1,
 'elapsed_time_seconds': 18.864839,
 'feedexport/success_count/FileFeedStorage': 1,
 'finish_reason': 'finished',
 'finish_time': datetime.datetime(2026, 6, 9, 17, 35, 8, 442307, tzinfo=datetime.timezone.utc),
 'httpcompression/response_bytes': 524266,
 'httpcompression/response_count': 13,
 'item_scraped_count': 12,
 'items_per_minute': 40.0,
 'log_count/DEBUG': 29,
 'log_count/INFO': 15,
 'log_count/WARNING': 1,
 'memusage/max': 69488640,
 'memusage/startup': 69488640,
 'request_depth_max': 1,
 'response_received_count': 14,
 'responses_per_minute': 46.66666666666667,
 'robotstxt/request_count': 1,
 'robotstxt/response_count': 1,
 'robotstxt/response_status_count/404': 1,
 'scheduler/dequeued': 13,
 'scheduler/dequeued/memory': 13,
 'scheduler/enqueued': 13,
 'scheduler/enqueued/memory': 13,
 'start_time': datetime.datetime(2026, 6, 9, 17, 34, 49, 577468, tzinfo=datetime.timezone.utc)}
2026-06-09 18:35:08 [scrapy.core.engine] INFO: Spider closed (finished)
