2026-05-31 23:28:44 [scrapy.utils.log] INFO: Scrapy 2.13.3 started (bot: ufc_scraper)
2026-05-31 23:28:44 [scrapy.utils.log] INFO: Versions:
{'lxml': '6.0.2',
 'libxml2': '2.14.6',
 'cssselect': '1.4.0',
 'parsel': '1.11.0',
 'w3lib': '2.4.0',
 'Twisted': '25.5.0',
 'Python': '3.11.2 (main, Apr 28 2025, 14:11:48) [GCC 12.2.0]',
 'pyOpenSSL': '26.0.0 (OpenSSL 3.5.5 27 Jan 2026)',
 'cryptography': '46.0.5',
 'Platform': 'Linux-6.6.87.1-microsoft-standard-WSL2-x86_64-with-glibc2.36'}
2026-05-31 23:28:44 [scrapy.addons] INFO: Enabled addons:
[]
2026-05-31 23:28:44 [asyncio] DEBUG: Using selector: EpollSelector
2026-05-31 23:28:44 [scrapy.utils.log] DEBUG: Using reactor: twisted.internet.asyncioreactor.AsyncioSelectorReactor
2026-05-31 23:28:44 [scrapy.utils.log] DEBUG: Using asyncio event loop: asyncio.unix_events._UnixSelectorEventLoop
2026-05-31 23:28:44 [scrapy.extensions.telnet] INFO: Telnet Password: cb8904a7d5329b7a
2026-05-31 23:28:44 [scrapy.middleware] INFO: Enabled extensions:
['scrapy.extensions.corestats.CoreStats',
 'scrapy.extensions.telnet.TelnetConsole',
 'scrapy.extensions.memusage.MemoryUsage',
 'scrapy.extensions.feedexport.FeedExporter',
 'scrapy.extensions.logstats.LogStats',
 'scrapy.extensions.throttle.AutoThrottle']
2026-05-31 23:28:44 [scrapy.crawler] INFO: Overridden settings:
{'AUTOTHROTTLE_ENABLED': True,
 'AUTOTHROTTLE_MAX_DELAY': 10,
 'AUTOTHROTTLE_START_DELAY': 1,
 'BOT_NAME': 'ufc_scraper',
 'CONCURRENT_REQUESTS_PER_DOMAIN': 1,
 'DOWNLOAD_DELAY': 1,
 'DOWNLOAD_TIMEOUT': 30,
 'FEED_EXPORT_ENCODING': 'utf-8',
 'HTTPCACHE_ENABLED': 'False',
 'NEWSPIDER_MODULE': 'ufc_scraper.spiders',
 'RETRY_TIMES': 3,
 'ROBOTSTXT_OBEY': True,
 'SPIDER_MODULES': ['ufc_scraper.spiders'],
 'USER_AGENT': 'ufc-predictor-scraper (research/personal project)'}
2026-05-31 23:28:44 [scrapy.middleware] INFO: Enabled downloader middlewares:
['scrapy.downloadermiddlewares.offsite.OffsiteMiddleware',
 'scrapy.downloadermiddlewares.robotstxt.RobotsTxtMiddleware',
 'ufc_scraper.middlewares.BrowserSessionHeaderMiddleware',
 'ufc_scraper.middlewares.RawCaptureMiddleware',
 'scrapy.downloadermiddlewares.httpauth.HttpAuthMiddleware',
 'scrapy.downloadermiddlewares.downloadtimeout.DownloadTimeoutMiddleware',
 'scrapy.downloadermiddlewares.defaultheaders.DefaultHeadersMiddleware',
 'scrapy.downloadermiddlewares.useragent.UserAgentMiddleware',
 'scrapy.downloadermiddlewares.retry.RetryMiddleware',
 'scrapy.downloadermiddlewares.redirect.MetaRefreshMiddleware',
 'scrapy.downloadermiddlewares.httpcompression.HttpCompressionMiddleware',
 'scrapy.downloadermiddlewares.redirect.RedirectMiddleware',
 'scrapy.downloadermiddlewares.cookies.CookiesMiddleware',
 'scrapy.downloadermiddlewares.httpproxy.HttpProxyMiddleware',
 'scrapy.downloadermiddlewares.stats.DownloaderStats']
2026-05-31 23:28:44 [scrapy.middleware] INFO: Enabled spider middlewares:
['scrapy.spidermiddlewares.start.StartSpiderMiddleware',
 'scrapy.spidermiddlewares.httperror.HttpErrorMiddleware',
 'scrapy.spidermiddlewares.referer.RefererMiddleware',
 'scrapy.spidermiddlewares.urllength.UrlLengthMiddleware',
 'scrapy.spidermiddlewares.depth.DepthMiddleware']
2026-05-31 23:28:44 [scrapy.middleware] INFO: Enabled item pipelines:
['ufc_scraper.pipelines.EventsManifestPipeline']
2026-05-31 23:28:44 [scrapy.core.engine] INFO: Spider opened
2026-05-31 23:28:44 [py.warnings] WARNING: /home/wlodzimierrr/ufc-data/scraper/UFC-Web-Scraping-main/.venv/lib/python3.11/site-packages/scrapy/core/spidermw.py:433: ScrapyDeprecationWarning: ufc_scraper.spiders.events.CrawlEvents defines the deprecated start_requests() method. start_requests() has been deprecated in favor of a new method, start(), to support asynchronous code execution. start_requests() will stop being called in a future version of Scrapy. If you use Scrapy 2.13 or higher only, replace start_requests() with start(); note that start() is a coroutine (async def). If you need to maintain compatibility with lower Scrapy versions, when overriding start_requests() in a spider class, override start() as well; you can use super() to reuse the inherited start() implementation without copy-pasting. See the release notes of Scrapy 2.13 for details: https://docs.scrapy.org/en/2.13/news.html
  warn(

2026-05-31 23:28:44 [crawl_events] INFO: EventsManifestPipeline loaded 782 existing records from /home/wlodzimierrr/ufc-data/data/manifests/events_manifest.csv
2026-05-31 23:28:44 [scrapy.extensions.logstats] INFO: Crawled 0 pages (at 0 pages/min), scraped 0 items (at 0 items/min)
2026-05-31 23:28:44 [crawl_events] INFO: RawCaptureMiddleware active | job_run_id=ba921ea7-8225-4331-8654-c4e9306ba987 | manifest=/home/wlodzimierrr/ufc-data/data/manifests/fetch_manifest.csv
2026-05-31 23:28:44 [scrapy.extensions.telnet] INFO: Telnet console listening on 127.0.0.1:6023
2026-05-31 23:28:44 [scrapy.core.engine] DEBUG: Crawled (404) <GET http://www.ufcstats.com/robots.txt> (referer: None)
2026-05-31 23:28:45 [crawl_events] WARNING: Browser challenge detected; raw capture skipped for http://www.ufcstats.com/event-details/1e75e6c9de99fa76
2026-05-31 23:28:45 [scrapy.core.engine] DEBUG: Crawled (503) <GET http://www.ufcstats.com/event-details/1e75e6c9de99fa76> (referer: None)
2026-05-31 23:28:45 [scrapy.spidermiddlewares.httperror] INFO: Ignoring response <503 http://www.ufcstats.com/event-details/1e75e6c9de99fa76>: HTTP status code is not handled or not allowed
2026-05-31 23:28:45 [scrapy.core.engine] INFO: Closing spider (finished)
2026-05-31 23:28:45 [crawl_events] INFO: EventsManifestPipeline wrote 782 records to /home/wlodzimierrr/ufc-data/data/manifests/events_manifest.csv
2026-05-31 23:28:45 [crawl_events] INFO: IncrementalCrawlMixin summary | skipped=0 | reason=finished
2026-05-31 23:28:45 [crawl_events] INFO: RawCaptureMiddleware summary | job_run_id=ba921ea7-8225-4331-8654-c4e9306ba987 | fetched=0 | unchanged=0 | updated=0 | failed=1
2026-05-31 23:28:45 [scrapy.extensions.feedexport] INFO: Stored csv feed (0 items) in: ../../../data/events.csv
2026-05-31 23:28:45 [scrapy.statscollectors] INFO: Dumping Scrapy stats:
{'downloader/request_bytes': 722,
 'downloader/request_count': 2,
 'downloader/request_method_count/GET': 2,
 'downloader/response_bytes': 2306,
 'downloader/response_count': 2,
 'downloader/response_status_count/200': 1,
 'downloader/response_status_count/404': 1,
 'elapsed_time_seconds': 1.63825,
 'feedexport/success_count/FileFeedStorage': 1,
 'finish_reason': 'finished',
 'finish_time': datetime.datetime(2026, 5, 31, 22, 28, 45, 873374, tzinfo=datetime.timezone.utc),
 'httpcompression/response_bytes': 2998,
 'httpcompression/response_count': 1,
 'httperror/response_ignored_count': 1,
 'httperror/response_ignored_status_count/503': 1,
 'items_per_minute': 0.0,
 'log_count/DEBUG': 5,
 'log_count/INFO': 17,
 'log_count/WARNING': 2,
 'memusage/max': 70152192,
 'memusage/startup': 70152192,
 'response_received_count': 2,
 'responses_per_minute': 120.0,
 'robotstxt/request_count': 1,
 'robotstxt/response_count': 1,
 'robotstxt/response_status_count/404': 1,
 'scheduler/dequeued': 1,
 'scheduler/dequeued/memory': 1,
 'scheduler/enqueued': 1,
 'scheduler/enqueued/memory': 1,
 'start_time': datetime.datetime(2026, 5, 31, 22, 28, 44, 235124, tzinfo=datetime.timezone.utc)}
2026-05-31 23:28:45 [scrapy.core.engine] INFO: Spider closed (finished)
